*****************************************************************************************************************************************
* ID           * COUNTRY      * ZIP        * NAME                 * DOB                      * EMAIL                                    *
*****************************************************************************************************************************************
* row1_id      * row1_country * row1_postcode * row1_name            * 1997-02-19               * row1_email                               *
* row2_id      * row2_country * row2_postcode * row2_name            * 1969-07-27               * row2_email                               *
*****************************************************************************************************************************************
2 users in total!
