Imported Users[0] = 100000000001,Mathys Marie,1998-07-19,France,66860,mathys.marie@example.com
Imported Users[1] = 100000000002,Ceyhun Yazıcı,1977-01-21,Turkey,16330,ceyhun.yazici@example.com
