[0] = [202489617246, doesntMatter, Germany, 76694, Alice Smith, alice.smith@example.com, 1985-04-23T00:00Z[UTC]]
[1] = [202489618679, doesntMatter, USA, 90210, Bob Johnson, bob.johnson@example.com, 1990-07-15T00:00Z[UTC]]
[2] = [202489647246, doesntMatter, Spain, 28013, Carlos Diaz, carlos.diaz@example.com, 1978-12-05T00:00Z[UTC]]
[3] = [202489717311, doesntMatter, China, 100000, Diana Chen, diana.chen@example.com, 1995-03-10T00:00Z[UTC]]
